// Jest Snapshot v1, https://goo.gl/fbAQLP

exports[`Map renders correctly 1`] = `
<div>
  <h1
    className="PageTitle"
  >
    Сначала залогиньтесь
  </h1>
</div>
`;
